##gff-version 3
758	Prodigal_v2.50	CDS	1	549	28.7	-	0	ID=54_1;cscore=14.38;partial=10;rbs_motif=GGAG/GAGG;rbs_spacer=5-10bp;rscore=8.99;sscore=15.42;start_type=ATG;tscore=3.85;uscore=1.46
758	FIG	CDS	564	1493	.	-	0	ID=fig|6666666.10066.peg.1050;Name=hypothetical protein
758	FIG	CDS	1771	1968	.	+	1	ID=fig|6666666.10066.peg.1051;Name=hypothetical protein
758	FIG	CDS	1961	2164	.	+	2	ID=fig|6666666.10066.peg.1052;Name=hypothetical protein
758	FIG	CDS	2172	2390	.	+	0	ID=fig|6666666.10066.peg.1053;Name=hypothetical protein
758	FIG	CDS	2396	2608	.	+	2	ID=fig|6666666.10066.peg.1054;Name=hypothetical protein
758	FIG	CDS	2766	3887	.	+	0	ID=fig|6666666.10066.peg.1055;Name=Mobile element protein
758	FIG	CDS	4086	4211	.	+	0	ID=fig|6666666.10066.peg.1056;Name=hypothetical protein
758	FIG	CDS	4555	6051	.	+	1	ID=fig|6666666.10066.peg.1057;Name=hypothetical protein
758	FIG	CDS	6051	7517	.	+	0	ID=fig|6666666.10066.peg.1058;Name=Gene Transfer Agent capsid protein%3B Phage major capsid protein
758	Prodigal_v2.50	CDS	7537	7944	26.3	+	0	ID=54_10;cscore=9.68;partial=00;rbs_motif=AGGAG;rbs_spacer=5-10bp;rscore=13.55;sscore=17.66;start_type=ATG;tscore=3.85;uscore=-0.81
758	Prodigal_v2.50	CDS	7999	8238	15.4	+	0	ID=54_11;cscore=6.38;partial=00;rbs_motif=GGAG/GAGG;rbs_spacer=5-10bp;rscore=8.52;sscore=9.68;start_type=ATG;tscore=3.65;uscore=-3.18
758	FIG	CDS	8287	9159	.	+	1	ID=fig|6666666.10066.peg.1059;Name=hypothetical protein
758	FIG	CDS	9159	9623	.	+	0	ID=fig|6666666.10066.peg.1060;Name=hypothetical protein
758	FIG	CDS	9699	11030	.	+	0	ID=fig|6666666.10066.peg.1061;Name=hypothetical protein
758	FIG	CDS	11341	11568	.	+	1	ID=fig|6666666.10066.peg.1062;Name=hypothetical protein
758	Prodigal_v2.50	CDS	11565	12032	18.3	+	0	ID=54_16;cscore=21.28;partial=00;rbs_motif=None;rbs_spacer=None;rscore=-7.79;sscore=6.10;start_type=ATG;tscore=3.85;uscore=0.96
758	FIG	CDS	12119	12442	.	+	2	ID=fig|6666666.10066.peg.1063;Name=hypothetical protein
758	FIG	CDS	12464	13678	.	+	2	ID=fig|6666666.10066.peg.1064;Name=hypothetical protein
758	FIG	CDS	13644	14450	.	+	0	ID=fig|6666666.10066.peg.1065;Name=hypothetical protein
758	FIG	CDS	14660	15013	.	+	2	ID=fig|6666666.10066.peg.1066;Name=hypothetical protein
758	FIG	CDS	15013	17541	.	+	1	ID=fig|6666666.10066.peg.1067;Name=hypothetical protein
758	FIG	CDS	17658	18494	.	-	0	ID=fig|6666666.10066.peg.1068;Name=hypothetical protein
758	FIG	CDS	18797	19003	.	+	2	ID=fig|6666666.10066.peg.1069;Name=hypothetical protein
758	FIG	CDS	19060	19257	.	+	1	ID=fig|6666666.10066.peg.1070;Name=hypothetical protein
758	FIG	CDS	19250	19438	.	+	2	ID=fig|6666666.10066.peg.1071;Name=hypothetical protein
758	FIG	CDS	19460	20347	.	+	2	ID=fig|6666666.10066.peg.1072;Name=hypothetical protein
758	FIG	CDS	20348	21010	.	+	2	ID=fig|6666666.10066.peg.1073;Name=hypothetical protein
758	FIG	CDS	21007	22020	.	+	1	ID=fig|6666666.10066.peg.1074;Name=hypothetical protein
758	FIG	CDS	22023	22706	.	+	0	ID=fig|6666666.10066.peg.1075;Name=hypothetical protein
758	FIG	CDS	22718	23824	.	+	2	ID=fig|6666666.10066.peg.1076;Name=hypothetical protein
758	FIG	CDS	23831	24163	.	+	2	ID=fig|6666666.10066.peg.1077;Name=hypothetical protein
758	FIG	CDS	24153	24938	.	+	0	ID=fig|6666666.10066.peg.1078;Name=hypothetical protein
758	Prodigal_v2.50	CDS	25128	25625	14.5	+	0	ID=54_33;cscore=21.02;partial=00;rbs_motif=None;rbs_spacer=None;rscore=-7.79;sscore=5.15;start_type=ATG;tscore=3.85;uscore=-2.56
758	FIG	CDS	25628	25981	.	+	2	ID=fig|6666666.10066.peg.1079;Name=hypothetical protein
758	FIG	CDS	26173	26472	.	+	1	ID=fig|6666666.10066.peg.1080;Name=hypothetical protein
758	FIG	CDS	26610	26735	.	-	0	ID=fig|6666666.10066.peg.1081;Name=hypothetical protein
758	FIG	CDS	27017	28915	.	+	2	ID=fig|6666666.10066.peg.1082;Name=Ribonucleotide reductase of class II (coenzyme B12-dependent) (EC 1.17.4.1);Ontology_term=KEGG_ENZYME:1.17.4.1
758	FIG	CDS	28915	29721	.	+	1	ID=fig|6666666.10066.peg.1083;Name=hypothetical protein
9	FIG	CDS	1	110	.	+	1	ID=fig|6666666.10066.peg.1084;Name=hypothetical protein
